// Jest Snapshot v1, https://goo.gl/fbAQLP

exports[`snapshot testing rendered app must be the same as snapshot 1`] = `
<div
  style={
    Object {
      "marginLeft": "200px",
    }
  }
>
  <div
    className="ant-spin ant-spin-lg ant-spin-spinning ant-spin-show-text"
  >
    <span
      className="ant-spin-dot ant-spin-dot-spin"
    >
      <i />
      <i />
      <i />
      <i />
    </span>
  </div>
  <br />
  Please Wait...
</div>
`;
